Archive member included to satisfy reference by file (symbol)

e:/9 2020-q2-update/bin/../lib/gcc/arm-none-eabi/9.3.1/../../../../arm-none-eabi/lib/thumb/v7e-m+fp/hard\libc_nano.a(lib_a-exit.o)
                              e:/9 2020-q2-update/bin/../lib/gcc/arm-none-eabi/9.3.1/../../../../arm-none-eabi/lib/thumb/v7e-m+fp/hard/crt0.o (exit)
e:/9 2020-q2-update/bin/../lib/gcc/arm-none-eabi/9.3.1/../../../../arm-none-eabi/lib/thumb/v7e-m+fp/hard\libc_nano.a(lib_a-impure.o)
                              e:/9 2020-q2-update/bin/../lib/gcc/arm-none-eabi/9.3.1/../../../../arm-none-eabi/lib/thumb/v7e-m+fp/hard\libc_nano.a(lib_a-exit.o) (_global_impure_ptr)
e:/9 2020-q2-update/bin/../lib/gcc/arm-none-eabi/9.3.1/../../../../arm-none-eabi/lib/thumb/v7e-m+fp/hard\libc_nano.a(lib_a-init.o)
                              e:/9 2020-q2-update/bin/../lib/gcc/arm-none-eabi/9.3.1/../../../../arm-none-eabi/lib/thumb/v7e-m+fp/hard/crt0.o (__libc_init_array)
e:/9 2020-q2-update/bin/../lib/gcc/arm-none-eabi/9.3.1/../../../../arm-none-eabi/lib/thumb/v7e-m+fp/hard\libc_nano.a(lib_a-memset.o)
                              e:/9 2020-q2-update/bin/../lib/gcc/arm-none-eabi/9.3.1/../../../../arm-none-eabi/lib/thumb/v7e-m+fp/hard/crt0.o (memset)
e:/9 2020-q2-update/bin/../lib/gcc/arm-none-eabi/9.3.1/../../../../arm-none-eabi/lib/thumb/v7e-m+fp/hard\libnosys.a(_exit.o)
                              e:/9 2020-q2-update/bin/../lib/gcc/arm-none-eabi/9.3.1/../../../../arm-none-eabi/lib/thumb/v7e-m+fp/hard\libc_nano.a(lib_a-exit.o) (_exit)
e:/9 2020-q2-update/bin/../lib/gcc/arm-none-eabi/9.3.1/thumb/v7e-m+fp/hard\libgcc.a(_aeabi_uldivmod.o)
                              build/stm32f4xx_hal_rcc.o (__aeabi_uldivmod)
e:/9 2020-q2-update/bin/../lib/gcc/arm-none-eabi/9.3.1/thumb/v7e-m+fp/hard\libgcc.a(_udivmoddi4.o)
                              e:/9 2020-q2-update/bin/../lib/gcc/arm-none-eabi/9.3.1/thumb/v7e-m+fp/hard\libgcc.a(_aeabi_uldivmod.o) (__udivmoddi4)
e:/9 2020-q2-update/bin/../lib/gcc/arm-none-eabi/9.3.1/thumb/v7e-m+fp/hard\libgcc.a(_dvmd_tls.o)
                              e:/9 2020-q2-update/bin/../lib/gcc/arm-none-eabi/9.3.1/thumb/v7e-m+fp/hard\libgcc.a(_aeabi_uldivmod.o) (__aeabi_ldiv0)

Allocating common symbols
Common symbol       size              file

uwTick              0x4               build/stm32f4xx_hal.o
pFlash              0x20              build/stm32f4xx_hal_flash.o

Discarded input sections

 .text          0x00000000        0x0 e:/9 2020-q2-update/bin/../lib/gcc/arm-none-eabi/9.3.1/thumb/v7e-m+fp/hard/crti.o
 .data          0x00000000        0x0 e:/9 2020-q2-update/bin/../lib/gcc/arm-none-eabi/9.3.1/thumb/v7e-m+fp/hard/crti.o
 .bss           0x00000000        0x0 e:/9 2020-q2-update/bin/../lib/gcc/arm-none-eabi/9.3.1/thumb/v7e-m+fp/hard/crti.o
 .data          0x00000000        0x4 e:/9 2020-q2-update/bin/../lib/gcc/arm-none-eabi/9.3.1/thumb/v7e-m+fp/hard/crtbegin.o
 .text          0x00000000       0x7c e:/9 2020-q2-update/bin/../lib/gcc/arm-none-eabi/9.3.1/../../../../arm-none-eabi/lib/thumb/v7e-m+fp/hard/crt0.o
 .data          0x00000000        0x0 e:/9 2020-q2-update/bin/../lib/gcc/arm-none-eabi/9.3.1/../../../../arm-none-eabi/lib/thumb/v7e-m+fp/hard/crt0.o
 .bss           0x00000000        0x0 e:/9 2020-q2-update/bin/../lib/gcc/arm-none-eabi/9.3.1/../../../../arm-none-eabi/lib/thumb/v7e-m+fp/hard/crt0.o
 .ARM.extab     0x00000000        0x0 e:/9 2020-q2-update/bin/../lib/gcc/arm-none-eabi/9.3.1/../../../../arm-none-eabi/lib/thumb/v7e-m+fp/hard/crt0.o
 .ARM.exidx     0x00000000       0x10 e:/9 2020-q2-update/bin/../lib/gcc/arm-none-eabi/9.3.1/../../../../arm-none-eabi/lib/thumb/v7e-m+fp/hard/crt0.o
 .ARM.attributes
                0x00000000       0x1c e:/9 2020-q2-update/bin/../lib/gcc/arm-none-eabi/9.3.1/../../../../arm-none-eabi/lib/thumb/v7e-m+fp/hard/crt0.o
 .text          0x00000000        0x0 build/main.o
 .data          0x00000000        0x0 build/main.o
 .bss           0x00000000        0x0 build/main.o
 .text.Error_Handler
                0x00000000        0x2 build/main.o
 .text          0x00000000        0x0 build/stm32f4xx_it.o
 .data          0x00000000        0x0 build/stm32f4xx_it.o
 .bss           0x00000000        0x0 build/stm32f4xx_it.o
 .text          0x00000000        0x0 build/stm32f4xx_hal_msp.o
 .data          0x00000000        0x0 build/stm32f4xx_hal_msp.o
 .bss           0x00000000        0x0 build/stm32f4xx_hal_msp.o
 .text          0x00000000        0x0 build/stm32f4xx_hal_tim.o
 .data          0x00000000        0x0 build/stm32f4xx_hal_tim.o
 .bss           0x00000000        0x0 build/stm32f4xx_hal_tim.o
 .debug_info    0x00000000      0x182 build/stm32f4xx_hal_tim.o
 .debug_abbrev  0x00000000       0x97 build/stm32f4xx_hal_tim.o
 .debug_aranges
                0x00000000       0x18 build/stm32f4xx_hal_tim.o
 .debug_line    0x00000000      0x136 build/stm32f4xx_hal_tim.o
 .debug_str     0x00000000      0x27c build/stm32f4xx_hal_tim.o
[...]
Memory Configuration

Name             Origin             Length             Attributes
RAM              0x20000000         0x00020000         xrw
CCMRAM           0x10000000         0x00010000         xrw
FLASH            0x08000000         0x00100000         xr
*default*        0x00000000         0xffffffff

Linker script and memory map

LOAD e:/9 2020-q2-update/bin/../lib/gcc/arm-none-eabi/9.3.1/thumb/v7e-m+fp/hard/crti.o
LOAD e:/9 2020-q2-update/bin/../lib/gcc/arm-none-eabi/9.3.1/thumb/v7e-m+fp/hard/crtbegin.o
LOAD e:/9 2020-q2-update/bin/../lib/gcc/arm-none-eabi/9.3.1/../../../../arm-none-eabi/lib/thumb/v7e-m+fp/hard/crt0.o
LOAD build/main.o
LOAD build/stm32f4xx_it.o
LOAD build/stm32f4xx_hal_msp.o
LOAD build/stm32f4xx_hal_tim.o
LOAD build/stm32f4xx_hal_tim_ex.o
LOAD build/stm32f4xx_ll_rcc.o
LOAD build/stm32f4xx_ll_utils.o
LOAD build/stm32f4xx_ll_exti.o
LOAD build/stm32f4xx_hal_rcc.o
LOAD build/stm32f4xx_hal_rcc_ex.o
LOAD build/stm32f4xx_hal_flash.o
LOAD build/stm32f4xx_hal_flash_ex.o
LOAD build/stm32f4xx_hal_flash_ramfunc.o
LOAD build/stm32f4xx_hal_gpio.o
LOAD build/stm32f4xx_hal_dma_ex.o
LOAD build/stm32f4xx_hal_dma.o
LOAD build/stm32f4xx_hal_pwr.o
LOAD build/stm32f4xx_hal_pwr_ex.o
LOAD build/stm32f4xx_hal_cortex.o
LOAD build/stm32f4xx_hal.o
LOAD build/stm32f4xx_hal_exti.o
LOAD build/system_stm32f4xx.o
LOAD build/stm32f4xx_ll_gpio.o
LOAD build/stm32f4xx_ll_dma.o
LOAD build/stm32f4xx_ll_usart.o
LOAD build/startup_stm32f407xx.o
LOAD e:/9 2020-q2-update/bin/../lib/gcc/arm-none-eabi/9.3.1/../../../../arm-none-eabi/lib/thumb/v7e-m+fp/hard\libc_nano.a
LOAD e:/9 2020-q2-update/bin/../lib/gcc/arm-none-eabi/9.3.1/../../../../arm-none-eabi/lib/thumb/v7e-m+fp/hard\libm.a
LOAD e:/9 2020-q2-update/bin/../lib/gcc/arm-none-eabi/9.3.1/../../../../arm-none-eabi/lib/thumb/v7e-m+fp/hard\libnosys.a
START GROUP
LOAD e:/9 2020-q2-update/bin/../lib/gcc/arm-none-eabi/9.3.1/thumb/v7e-m+fp/hard\libgcc.a
LOAD e:/9 2020-q2-update/bin/../lib/gcc/arm-none-eabi/9.3.1/../../../../arm-none-eabi/lib/thumb/v7e-m+fp/hard\libc_nano.a
END GROUP
START GROUP
LOAD e:/9 2020-q2-update/bin/../lib/gcc/arm-none-eabi/9.3.1/thumb/v7e-m+fp/hard\libgcc.a
LOAD e:/9 2020-q2-update/bin/../lib/gcc/arm-none-eabi/9.3.1/../../../../arm-none-eabi/lib/thumb/v7e-m+fp/hard\libc_nano.a
END GROUP
LOAD e:/9 2020-q2-update/bin/../lib/gcc/arm-none-eabi/9.3.1/thumb/v7e-m+fp/hard/crtend.o
LOAD e:/9 2020-q2-update/bin/../lib/gcc/arm-none-eabi/9.3.1/thumb/v7e-m+fp/hard/crtn.o
                0x20020000                _estack = 0x20020000
                0x00000200                _Min_Heap_Size = 0x200
                0x00000400                _Min_Stack_Size = 0x400

.isr_vector     0x08000000      0x188
                0x08000000                . = ALIGN (0x4)
 *(.isr_vector)
 .isr_vector    0x08000000      0x188 build/startup_stm32f407xx.o
                0x08000000                g_pfnVectors
                0x08000188                . = ALIGN (0x4)

.text           0x08000188      0xc9c
                0x08000188                . = ALIGN (0x4)
 *(.text)
 .text          0x08000188       0x40 e:/9 2020-q2-update/bin/../lib/gcc/arm-none-eabi/9.3.1/thumb/v7e-m+fp/hard/crtbegin.o
 .text          0x080001c8       0x30 e:/9 2020-q2-update/bin/../lib/gcc/arm-none-eabi/9.3.1/thumb/v7e-m+fp/hard\libgcc.a(_aeabi_uldivmod.o)
                0x080001c8                __aeabi_uldivmod
 .text          0x080001f8      0x2c4 e:/9 2020-q2-update/bin/../lib/gcc/arm-none-eabi/9.3.1/thumb/v7e-m+fp/hard\libgcc.a(_udivmoddi4.o)
                0x080001f8                __udivmoddi4
 .text          0x080004bc        0x4 e:/9 2020-q2-update/bin/../lib/gcc/arm-none-eabi/9.3.1/thumb/v7e-m+fp/hard\libgcc.a(_dvmd_tls.o)
                0x080004bc                __aeabi_idiv0
                0x080004bc                __aeabi_ldiv0
 *(.text*)
 .text.MX_DMA_Init
                0x080004c0       0x64 build/main.o
 .text.MX_GPIO_Init
                0x08000524       0x24 build/main.o
 .text.MX_USART3_UART_Init
                0x08000548      0x13c build/main.o
 .text.USART1DMAConfig
                0x08000684       0x44 build/main.o
                0x08000684                USART1DMAConfig
 .text.SystemClock_Config
                0x080006c8       0xd0 build/main.o
                0x080006c8                SystemClock_Config
 .text.main     0x08000798       0x1c build/main.o
                0x08000798                main
 .text.NMI_Handler
                0x080007b4        0x2 build/stm32f4xx_it.o
                0x080007b4                NMI_Handler
 .text.HardFault_Handler
                0x080007b6        0x2 build/stm32f4xx_it.o
                0x080007b6                HardFault_Handler
 .text.MemManage_Handler
                0x080007b8        0x2 build/stm32f4xx_it.o
                0x080007b8                MemManage_Handler
 .text.BusFault_Handler
                0x080007ba        0x2 build/stm32f4xx_it.o
                0x080007ba                BusFault_Handler
 .text.UsageFault_Handler
                0x080007bc        0x2 build/stm32f4xx_it.o
                0x080007bc                UsageFault_Handler
 .text.SVC_Handler
                0x080007be        0x2 build/stm32f4xx_it.o
                0x080007be                SVC_Handler
 .text.DebugMon_Handler
                0x080007c0        0x2 build/stm32f4xx_it.o
                0x080007c0                DebugMon_Handler
 .text.PendSV_Handler
                0x080007c2        0x2 build/stm32f4xx_it.o
                0x080007c2                PendSV_Handler
 .text.SysTick_Handler
                0x080007c4        0x8 build/stm32f4xx_it.o
                0x080007c4                SysTick_Handler
 .text.DMA1_Stream1_IRQHandler
                0x080007cc        0x2 build/stm32f4xx_it.o
                0x080007cc                DMA1_Stream1_IRQHandler
 *fill*         0x080007ce        0x2 
 .text.USART3_IRQHandler
                0x080007d0       0x68 build/stm32f4xx_it.o
                0x080007d0                USART3_IRQHandler
 .text.HAL_MspInit
                0x08000838       0x38 build/stm32f4xx_hal_msp.o
                0x08000838                HAL_MspInit
 .text.RCC_GetHCLKClockFreq
                0x08000870       0x18 build/stm32f4xx_ll_rcc.o
                0x08000870                RCC_GetHCLKClockFreq
 .text.RCC_GetPCLK1ClockFreq
                0x08000888       0x18 build/stm32f4xx_ll_rcc.o
                0x08000888                RCC_GetPCLK1ClockFreq
 .text.RCC_GetPCLK2ClockFreq
                0x080008a0       0x18 build/stm32f4xx_ll_rcc.o
                0x080008a0                RCC_GetPCLK2ClockFreq
 .text.RCC_PLL_GetFreqDomain_SYS
                0x080008b8       0x4c build/stm32f4xx_ll_rcc.o
                0x080008b8                RCC_PLL_GetFreqDomain_SYS
 .text.RCC_GetSystemClockFreq
                0x08000904       0x30 build/stm32f4xx_ll_rcc.o
                0x08000904                RCC_GetSystemClockFreq
 .text.LL_RCC_GetSystemClocksFreq
                0x08000934       0x20 build/stm32f4xx_ll_rcc.o
                0x08000934                LL_RCC_GetSystemClocksFreq
 .text.LL_SetSystemCoreClock
                0x08000954        0xc build/stm32f4xx_ll_utils.o
                0x08000954                LL_SetSystemCoreClock
 .text.HAL_NVIC_SetPriorityGrouping
                0x08000960       0x24 build/stm32f4xx_hal_cortex.o
                0x08000960                HAL_NVIC_SetPriorityGrouping
 .text.HAL_NVIC_SetPriority
                0x08000984       0x68 build/stm32f4xx_hal_cortex.o
                0x08000984                HAL_NVIC_SetPriority
 .text.HAL_SYSTICK_Config
                0x080009ec       0x2c build/stm32f4xx_hal_cortex.o
                0x080009ec                HAL_SYSTICK_Config
 .text.HAL_InitTick
                0x08000a18       0x4c build/stm32f4xx_hal.o
                0x08000a18                HAL_InitTick
 .text.HAL_Init
                0x08000a64       0x34 build/stm32f4xx_hal.o
                0x08000a64                HAL_Init
 .text.HAL_IncTick
                0x08000a98       0x18 build/stm32f4xx_hal.o
                0x08000a98                HAL_IncTick
 .text.SystemInit
                0x08000ab0       0x1c build/system_stm32f4xx.o
                0x08000ab0                SystemInit
 .text.LL_GPIO_Init
                0x08000acc      0x12c build/stm32f4xx_ll_gpio.o
                0x08000acc                LL_GPIO_Init
 .text.LL_USART_Init
                0x08000bf8      0x178 build/stm32f4xx_ll_usart.o
                0x08000bf8                LL_USART_Init
 .text.Reset_Handler
                0x08000d70       0x50 build/startup_stm32f407xx.o
                0x08000d70                Reset_Handler
 .text.Default_Handler
                0x08000dc0        0x2 build/startup_stm32f407xx.o
                0x08000dc0                RTC_Alarm_IRQHandler
                0x08000dc0                HASH_RNG_IRQHandler
                0x08000dc0                EXTI2_IRQHandler
                0x08000dc0                TIM8_CC_IRQHandler
                0x08000dc0                TIM1_CC_IRQHandler
                0x08000dc0                DMA2_Stream5_IRQHandler
                0x08000dc0                DMA1_Stream5_IRQHandler
                0x08000dc0                PVD_IRQHandler
                0x08000dc0                SDIO_IRQHandler
                0x08000dc0                TAMP_STAMP_IRQHandler
                0x08000dc0                CAN2_RX1_IRQHandler
                0x08000dc0                EXTI3_IRQHandler
                0x08000dc0                TIM8_TRG_COM_TIM14_IRQHandler
                0x08000dc0                TIM1_UP_TIM10_IRQHandler
                0x08000dc0                TIM8_UP_TIM13_IRQHandler
                0x08000dc0                I2C3_ER_IRQHandler
                0x08000dc0                EXTI0_IRQHandler
                0x08000dc0                I2C2_EV_IRQHandler
                0x08000dc0                DMA1_Stream2_IRQHandler
                0x08000dc0                CAN1_RX0_IRQHandler
                0x08000dc0                FPU_IRQHandler
                0x08000dc0                OTG_HS_WKUP_IRQHandler
                0x08000dc0                CAN2_SCE_IRQHandler
                0x08000dc0                DMA2_Stream2_IRQHandler
                0x08000dc0                SPI1_IRQHandler
                0x08000dc0                TIM6_DAC_IRQHandler
                0x08000dc0                TIM1_BRK_TIM9_IRQHandler
                0x08000dc0                DCMI_IRQHandler
                0x08000dc0                CAN2_RX0_IRQHandler
                0x08000dc0                DMA2_Stream3_IRQHandler
                0x08000dc0                USART6_IRQHandler
                0x08000dc0                CAN1_RX1_IRQHandler
                0x08000dc0                UART5_IRQHandler
                0x08000dc0                DMA2_Stream0_IRQHandler
                0x08000dc0                TIM4_IRQHandler
                0x08000dc0                I2C1_EV_IRQHandler
                0x08000dc0                DMA1_Stream6_IRQHandler
                0x08000dc0                UART4_IRQHandler
                0x08000dc0                TIM3_IRQHandler
                0x08000dc0                RCC_IRQHandler
                0x08000dc0                TIM8_BRK_TIM12_IRQHandler
                0x08000dc0                Default_Handler
                0x08000dc0                EXTI15_10_IRQHandler
                0x08000dc0                ADC_IRQHandler
                0x08000dc0                DMA1_Stream7_IRQHandler
                0x08000dc0                TIM7_IRQHandler
                0x08000dc0                CAN2_TX_IRQHandler
                0x08000dc0                TIM5_IRQHandler
                0x08000dc0                DMA2_Stream7_IRQHandler
                0x08000dc0                I2C3_EV_IRQHandler
                0x08000dc0                EXTI9_5_IRQHandler
                0x08000dc0                RTC_WKUP_IRQHandler
                0x08000dc0                ETH_WKUP_IRQHandler
                0x08000dc0                SPI2_IRQHandler
                0x08000dc0                OTG_HS_EP1_IN_IRQHandler
                0x08000dc0                DMA1_Stream0_IRQHandler
                0x08000dc0                CAN1_TX_IRQHandler
                0x08000dc0                EXTI4_IRQHandler
                0x08000dc0                FSMC_IRQHandler
                0x08000dc0                ETH_IRQHandler
                0x08000dc0                OTG_HS_EP1_OUT_IRQHandler
                0x08000dc0                WWDG_IRQHandler
                0x08000dc0                TIM2_IRQHandler
                0x08000dc0                OTG_FS_WKUP_IRQHandler
                0x08000dc0                TIM1_TRG_COM_TIM11_IRQHandler
                0x08000dc0                OTG_HS_IRQHandler
                0x08000dc0                EXTI1_IRQHandler
                0x08000dc0                USART2_IRQHandler
                0x08000dc0                I2C2_ER_IRQHandler
                0x08000dc0                DMA2_Stream1_IRQHandler
                0x08000dc0                CAN1_SCE_IRQHandler
                0x08000dc0                FLASH_IRQHandler
                0x08000dc0                DMA2_Stream4_IRQHandler
                0x08000dc0                USART1_IRQHandler
                0x08000dc0                OTG_FS_IRQHandler
                0x08000dc0                SPI3_IRQHandler
                0x08000dc0                DMA1_Stream4_IRQHandler
                0x08000dc0                I2C1_ER_IRQHandler
                0x08000dc0                DMA2_Stream6_IRQHandler
                0x08000dc0                DMA1_Stream3_IRQHandler
 *fill*         0x08000dc2        0x2 
 .text.__libc_init_array
                0x08000dc4       0x48 e:/9 2020-q2-update/bin/../lib/gcc/arm-none-eabi/9.3.1/../../../../arm-none-eabi/lib/thumb/v7e-m+fp/hard\libc_nano.a(lib_a-init.o)
                0x08000dc4                __libc_init_array
 *(.glue_7)
 .glue_7        0x08000e0c        0x0 linker stubs
 *(.glue_7t)
 .glue_7t       0x08000e0c        0x0 linker stubs
 *(.eh_frame)
 .eh_frame      0x08000e0c        0x0 e:/9 2020-q2-update/bin/../lib/gcc/arm-none-eabi/9.3.1/thumb/v7e-m+fp/hard/crtbegin.o
 *(.init)
 .init          0x08000e0c        0x4 e:/9 2020-q2-update/bin/../lib/gcc/arm-none-eabi/9.3.1/thumb/v7e-m+fp/hard/crti.o
                0x08000e0c                _init
 .init          0x08000e10        0x8 e:/9 2020-q2-update/bin/../lib/gcc/arm-none-eabi/9.3.1/thumb/v7e-m+fp/hard/crtn.o
 *(.fini)
 .fini          0x08000e18        0x4 e:/9 2020-q2-update/bin/../lib/gcc/arm-none-eabi/9.3.1/thumb/v7e-m+fp/hard/crti.o
                0x08000e18                _fini
 .fini          0x08000e1c        0x8 e:/9 2020-q2-update/bin/../lib/gcc/arm-none-eabi/9.3.1/thumb/v7e-m+fp/hard/crtn.o
                0x08000e24                . = ALIGN (0x4)
                0x08000e24                _etext = .

.vfp11_veneer   0x08000e24        0x0
 .vfp11_veneer  0x08000e24        0x0 linker stubs

.v4_bx          0x08000e24        0x0
 .v4_bx         0x08000e24        0x0 linker stubs

.iplt           0x08000e24        0x0
 .iplt          0x08000e24        0x0 e:/9 2020-q2-update/bin/../lib/gcc/arm-none-eabi/9.3.1/thumb/v7e-m+fp/hard/crtbegin.o

.rodata         0x08000e24       0x18
                0x08000e24                . = ALIGN (0x4)
 *(.rodata)
 *(.rodata*)
 .rodata.AHBPrescTable
                0x08000e24       0x10 build/system_stm32f4xx.o
                0x08000e24                AHBPrescTable
 .rodata.APBPrescTable
                0x08000e34        0x8 build/system_stm32f4xx.o
                0x08000e34                APBPrescTable
                0x08000e3c                . = ALIGN (0x4)

.ARM.extab
 *(.ARM.extab* .gnu.linkonce.armextab.*)

.ARM            0x08000e3c        0x8
                0x08000e3c                __exidx_start = .
 *(.ARM.exidx*)
 .ARM.exidx     0x08000e3c        0x8 e:/9 2020-q2-update/bin/../lib/gcc/arm-none-eabi/9.3.1/thumb/v7e-m+fp/hard\libgcc.a(_udivmoddi4.o)
                0x08000e44                __exidx_end = .

.rel.dyn        0x08000e44        0x0
 .rel.iplt      0x08000e44        0x0 e:/9 2020-q2-update/bin/../lib/gcc/arm-none-eabi/9.3.1/thumb/v7e-m+fp/hard/crtbegin.o

.preinit_array  0x08000e44        0x0
                0x08000e44                PROVIDE (__preinit_array_start = .)
 *(.preinit_array*)
                0x08000e44                PROVIDE (__preinit_array_end = .)

.init_array     0x08000e44        0x4
                0x08000e44                PROVIDE (__init_array_start = .)
 *(SORT_BY_NAME(.init_array.*))
 *(.init_array*)
 .init_array    0x08000e44        0x4 e:/9 2020-q2-update/bin/../lib/gcc/arm-none-eabi/9.3.1/thumb/v7e-m+fp/hard/crtbegin.o
                0x08000e48                PROVIDE (__init_array_end = .)

.fini_array     0x08000e48        0x4
                [!provide]                PROVIDE (__fini_array_start = .)
 *(SORT_BY_NAME(.fini_array.*))
 *(.fini_array*)
 .fini_array    0x08000e48        0x4 e:/9 2020-q2-update/bin/../lib/gcc/arm-none-eabi/9.3.1/thumb/v7e-m+fp/hard/crtbegin.o
                [!provide]                PROVIDE (__fini_array_end = .)
                0x08000e4c                _sidata = LOADADDR (.data)

.data           0x20000000        0xc load address 0x08000e4c
                0x20000000                . = ALIGN (0x4)
                0x20000000                _sdata = .
 *(.data)
 *(.data*)
 .data.uwTickFreq
                0x20000000        0x1 build/stm32f4xx_hal.o
                0x20000000                uwTickFreq
 *fill*         0x20000001        0x3 
 .data.uwTickPrio
                0x20000004        0x4 build/stm32f4xx_hal.o
                0x20000004                uwTickPrio
 .data.SystemCoreClock
                0x20000008        0x4 build/system_stm32f4xx.o
                0x20000008                SystemCoreClock
                0x2000000c                . = ALIGN (0x4)
                0x2000000c                _edata = .
                0x08000e58                _siccmram = LOADADDR (.ccmram)

.igot.plt       0x2000000c        0x0 load address 0x08000e58
 .igot.plt      0x2000000c        0x0 e:/9 2020-q2-update/bin/../lib/gcc/arm-none-eabi/9.3.1/thumb/v7e-m+fp/hard/crtbegin.o

.ccmram         0x10000000        0x0 load address 0x08000e58
                0x10000000                . = ALIGN (0x4)
                0x10000000                _sccmram = .
 *(.ccmram)
 *(.ccmram*)
                0x10000000                . = ALIGN (0x4)
                0x10000000                _eccmram = .
                0x10000000                . = ALIGN (0x4)

.bss            0x2000000c       0x30
                0x2000000c                _sbss = .
                0x2000000c                __bss_start__ = _sbss
 *(.bss)
 .bss           0x2000000c       0x1c e:/9 2020-q2-update/bin/../lib/gcc/arm-none-eabi/9.3.1/thumb/v7e-m+fp/hard/crtbegin.o
 *(.bss*)
 .bss.usart1DMABuf
                0x20000028        0xe build/main.o
                0x20000028                usart1DMABuf
 *(COMMON)
 *fill*         0x20000036        0x2 
 COMMON         0x20000038        0x4 build/stm32f4xx_hal.o
                0x20000038                uwTick
                0x2000003c                . = ALIGN (0x4)
                0x2000003c                _ebss = .
                0x2000003c                __bss_end__ = _ebss

._user_heap_stack
                0x2000003c      0x604
                0x20000040                . = ALIGN (0x8)
 *fill*         0x2000003c        0x4 
                [!provide]                PROVIDE (end = .)
                [!provide]                PROVIDE (_end = .)
                0x20000240                . = (. + _Min_Heap_Size)
 *fill*         0x20000040      0x200 
                0x20000640                . = (. + _Min_Stack_Size)
 *fill*         0x20000240      0x400 
                0x20000640                . = ALIGN (0x8)

/DISCARD/
 libc.a(*)
 libm.a(*)
 libgcc.a(*)

.ARM.attributes
                0x00000000       0x30
 *(.ARM.attributes)
 .ARM.attributes
                0x00000000       0x1e e:/9 2020-q2-update/bin/../lib/gcc/arm-none-eabi/9.3.1/thumb/v7e-m+fp/hard/crti.o
 .ARM.attributes
                0x0000001e       0x34 e:/9 2020-q2-update/bin/../lib/gcc/arm-none-eabi/9.3.1/thumb/v7e-m+fp/hard/crtbegin.o
 .ARM.attributes
                0x00000052       0x34 build/main.o
 .ARM.attributes
                0x00000086       0x34 build/stm32f4xx_it.o
 .ARM.attributes
                0x000000ba       0x34 build/stm32f4xx_hal_msp.o
 .ARM.attributes
                0x000000ee       0x34 build/stm32f4xx_ll_rcc.o
 .ARM.attributes
                0x00000122       0x34 build/stm32f4xx_ll_utils.o
 .ARM.attributes
                0x00000156       0x34 build/stm32f4xx_hal_cortex.o
 .ARM.attributes
                0x0000018a       0x34 build/stm32f4xx_hal.o
 .ARM.attributes
                0x000001be       0x34 build/system_stm32f4xx.o
 .ARM.attributes
                0x000001f2       0x34 build/stm32f4xx_ll_gpio.o
 .ARM.attributes
                0x00000226       0x34 build/stm32f4xx_ll_usart.o
 .ARM.attributes
                0x0000025a       0x21 build/startup_stm32f407xx.o
 .ARM.attributes
                0x0000027b       0x34 e:/9 2020-q2-update/bin/../lib/gcc/arm-none-eabi/9.3.1/../../../../arm-none-eabi/lib/thumb/v7e-m+fp/hard\libc_nano.a(lib_a-init.o)
 .ARM.attributes
                0x000002af       0x1e e:/9 2020-q2-update/bin/../lib/gcc/arm-none-eabi/9.3.1/thumb/v7e-m+fp/hard\libgcc.a(_aeabi_uldivmod.o)
 .ARM.attributes
                0x000002cd       0x34 e:/9 2020-q2-update/bin/../lib/gcc/arm-none-eabi/9.3.1/thumb/v7e-m+fp/hard\libgcc.a(_udivmoddi4.o)
 .ARM.attributes
                0x00000301       0x1e e:/9 2020-q2-update/bin/../lib/gcc/arm-none-eabi/9.3.1/thumb/v7e-m+fp/hard\libgcc.a(_dvmd_tls.o)
 .ARM.attributes
                0x0000031f       0x1e e:/9 2020-q2-update/bin/../lib/gcc/arm-none-eabi/9.3.1/thumb/v7e-m+fp/hard/crtn.o
OUTPUT(build/scaner-test.elf elf32-littlearm)
LOAD linker stubs
LOAD e:/9 2020-q2-update/bin/../lib/gcc/arm-none-eabi/9.3.1/../../../../arm-none-eabi/lib/thumb/v7e-m+fp/hard\libc.a
LOAD e:/9 2020-q2-update/bin/../lib/gcc/arm-none-eabi/9.3.1/../../../../arm-none-eabi/lib/thumb/v7e-m+fp/hard\libm.a
LOAD e:/9 2020-q2-update/bin/../lib/gcc/arm-none-eabi/9.3.1/thumb/v7e-m+fp/hard\libgcc.a

.debug_info     0x00000000     0x7e16
 .debug_info    0x00000000     0x1cb4 build/main.o
 .debug_info    0x00001cb4      0x6fa build/stm32f4xx_it.o
 .debug_info    0x000023ae      0x3fa build/stm32f4xx_hal_msp.o
 .debug_info    0x000027a8      0xb6b build/stm32f4xx_ll_rcc.o
 .debug_info    0x00003313      0xda7 build/stm32f4xx_ll_utils.o
 .debug_info    0x000040ba     0x123e build/stm32f4xx_hal_cortex.o
 .debug_info    0x000052f8      0xb5e build/stm32f4xx_hal.o
 .debug_info    0x00005e56      0x63c build/system_stm32f4xx.o
 .debug_info    0x00006492      0xdfa build/stm32f4xx_ll_gpio.o
 .debug_info    0x0000728c      0xb68 build/stm32f4xx_ll_usart.o
 .debug_info    0x00007df4       0x22 build/startup_stm32f407xx.o

.debug_abbrev   0x00000000     0x1878
 .debug_abbrev  0x00000000      0x36c build/main.o
 .debug_abbrev  0x0000036c      0x1d5 build/stm32f4xx_it.o
 .debug_abbrev  0x00000541      0x12d build/stm32f4xx_hal_msp.o
 .debug_abbrev  0x0000066e      0x29a build/stm32f4xx_ll_rcc.o
 .debug_abbrev  0x00000908      0x2b4 build/stm32f4xx_ll_utils.o
 .debug_abbrev  0x00000bbc      0x3a8 build/stm32f4xx_hal_cortex.o
 .debug_abbrev  0x00000f64      0x21c build/stm32f4xx_hal.o
 .debug_abbrev  0x00001180      0x14a build/system_stm32f4xx.o
 .debug_abbrev  0x000012ca      0x2b3 build/stm32f4xx_ll_gpio.o
 .debug_abbrev  0x0000157d      0x2e9 build/stm32f4xx_ll_usart.o
 .debug_abbrev  0x00001866       0x12 build/startup_stm32f407xx.o

.debug_loc      0x00000000     0x2fa7
 .debug_loc     0x00000000      0x8b5 build/main.o
 .debug_loc     0x000008b5      0x18e build/stm32f4xx_it.o
 .debug_loc     0x00000a43       0x2c build/stm32f4xx_hal_msp.o
 .debug_loc     0x00000a6f      0x5a4 build/stm32f4xx_ll_rcc.o
 .debug_loc     0x00001013      0x6ab build/stm32f4xx_ll_utils.o
 .debug_loc     0x000016be      0x7d4 build/stm32f4xx_hal_cortex.o
 .debug_loc     0x00001e92      0x1e1 build/stm32f4xx_hal.o
 .debug_loc     0x00002073      0x16c build/system_stm32f4xx.o
 .debug_loc     0x000021df      0x72e build/stm32f4xx_ll_gpio.o
 .debug_loc     0x0000290d      0x69a build/stm32f4xx_ll_usart.o

.debug_aranges  0x00000000      0x418
 .debug_aranges
                0x00000000       0x50 build/main.o
 .debug_aranges
                0x00000050       0x70 build/stm32f4xx_it.o
 .debug_aranges
                0x000000c0       0x20 build/stm32f4xx_hal_msp.o
 .debug_aranges
                0x000000e0       0x80 build/stm32f4xx_ll_rcc.o
 .debug_aranges
                0x00000160       0x60 build/stm32f4xx_ll_utils.o
 .debug_aranges
                0x000001c0       0xa8 build/stm32f4xx_hal_cortex.o
 .debug_aranges
                0x00000268       0xf0 build/stm32f4xx_hal.o
 .debug_aranges
                0x00000358       0x28 build/system_stm32f4xx.o
 .debug_aranges
                0x00000380       0x30 build/stm32f4xx_ll_gpio.o
 .debug_aranges
                0x000003b0       0x40 build/stm32f4xx_ll_usart.o
 .debug_aranges
                0x000003f0       0x28 build/startup_stm32f407xx.o

.debug_ranges   0x00000000      0x598
 .debug_ranges  0x00000000       0x70 build/main.o
 .debug_ranges  0x00000070       0x60 build/stm32f4xx_it.o
 .debug_ranges  0x000000d0       0x10 build/stm32f4xx_hal_msp.o
 .debug_ranges  0x000000e0       0x70 build/stm32f4xx_ll_rcc.o
 .debug_ranges  0x00000150       0x50 build/stm32f4xx_ll_utils.o
 .debug_ranges  0x000001a0       0xf8 build/stm32f4xx_hal_cortex.o
 .debug_ranges  0x00000298       0xe0 build/stm32f4xx_hal.o
 .debug_ranges  0x00000378       0x18 build/system_stm32f4xx.o
 .debug_ranges  0x00000390       0xf8 build/stm32f4xx_ll_gpio.o
 .debug_ranges  0x00000488       0xf0 build/stm32f4xx_ll_usart.o
 .debug_ranges  0x00000578       0x20 build/startup_stm32f407xx.o

.debug_line     0x00000000     0x376c
 .debug_line    0x00000000      0x7ca build/main.o
 .debug_line    0x000007ca      0x397 build/stm32f4xx_it.o
 .debug_line    0x00000b61      0x1a1 build/stm32f4xx_hal_msp.o
 .debug_line    0x00000d02      0x6c1 build/stm32f4xx_ll_rcc.o
 .debug_line    0x000013c3      0x768 build/stm32f4xx_ll_utils.o
 .debug_line    0x00001b2b      0x764 build/stm32f4xx_hal_cortex.o
 .debug_line    0x0000228f      0x527 build/stm32f4xx_hal.o
 .debug_line    0x000027b6      0x250 build/system_stm32f4xx.o
 .debug_line    0x00002a06      0x6e2 build/stm32f4xx_ll_gpio.o
 .debug_line    0x000030e8      0x611 build/stm32f4xx_ll_usart.o
 .debug_line    0x000036f9       0x73 build/startup_stm32f407xx.o

.debug_str      0x00000000     0x2061
 .debug_str     0x00000000      0xea4 build/main.o
                                0xfc5 (size before relaxing)
 .debug_str     0x00000ea4      0x16a build/stm32f4xx_it.o
                                0x47d (size before relaxing)
 .debug_str     0x0000100e       0x29 build/stm32f4xx_hal_msp.o
                                0x385 (size before relaxing)
 .debug_str     0x00001037      0x3db build/stm32f4xx_ll_rcc.o
                                0x79f (size before relaxing)
 .debug_str     0x00001412      0x275 build/stm32f4xx_ll_utils.o
                                0x785 (size before relaxing)
 .debug_str     0x00001687      0x3d8 build/stm32f4xx_hal_cortex.o
                                0xcc0 (size before relaxing)
 .debug_str     0x00001a5f      0x260 build/stm32f4xx_hal.o
                                0xb81 (size before relaxing)
 .debug_str     0x00001cbf       0x4e build/system_stm32f4xx.o
                                0x3ef (size before relaxing)
 .debug_str     0x00001d0d      0x135 build/stm32f4xx_ll_gpio.o
                                0x52f (size before relaxing)
 .debug_str     0x00001e42      0x1fb build/stm32f4xx_ll_usart.o
                                0x68d (size before relaxing)
 .debug_str     0x0000203d       0x24 build/startup_stm32f407xx.o
                                 0x45 (size before relaxing)

.comment        0x00000000       0x4c
 .comment       0x00000000       0x4c build/main.o
                                 0x4d (size before relaxing)
 .comment       0x0000004c       0x4d build/stm32f4xx_it.o
 .comment       0x0000004c       0x4d build/stm32f4xx_hal_msp.o
 .comment       0x0000004c       0x4d build/stm32f4xx_ll_rcc.o
 .comment       0x0000004c       0x4d build/stm32f4xx_ll_utils.o
 .comment       0x0000004c       0x4d build/stm32f4xx_hal_cortex.o
 .comment       0x0000004c       0x4d build/stm32f4xx_hal.o
 .comment       0x0000004c       0x4d build/system_stm32f4xx.o
 .comment       0x0000004c       0x4d build/stm32f4xx_ll_gpio.o
 .comment       0x0000004c       0x4d build/stm32f4xx_ll_usart.o

.debug_frame    0x00000000      0x874
 .debug_frame   0x00000000       0xb8 build/main.o
 .debug_frame   0x000000b8       0xd0 build/stm32f4xx_it.o
 .debug_frame   0x00000188       0x28 build/stm32f4xx_hal_msp.o
 .debug_frame   0x000001b0      0x118 build/stm32f4xx_ll_rcc.o
 .debug_frame   0x000002c8       0xd4 build/stm32f4xx_ll_utils.o
 .debug_frame   0x0000039c      0x15c build/stm32f4xx_hal_cortex.o
 .debug_frame   0x000004f8      0x1ec build/stm32f4xx_hal.o
 .debug_frame   0x000006e4       0x30 build/system_stm32f4xx.o
 .debug_frame   0x00000714       0x54 build/stm32f4xx_ll_gpio.o
 .debug_frame   0x00000768       0x80 build/stm32f4xx_ll_usart.o
 .debug_frame   0x000007e8       0x2c e:/9 2020-q2-update/bin/../lib/gcc/arm-none-eabi/9.3.1/../../../../arm-none-eabi/lib/thumb/v7e-m+fp/hard\libc_nano.a(lib_a-init.o)
 .debug_frame   0x00000814       0x2c e:/9 2020-q2-update/bin/../lib/gcc/arm-none-eabi/9.3.1/thumb/v7e-m+fp/hard\libgcc.a(_aeabi_uldivmod.o)
 .debug_frame   0x00000840       0x34 e:/9 2020-q2-update/bin/../lib/gcc/arm-none-eabi/9.3.1/thumb/v7e-m+fp/hard\libgcc.a(_udivmoddi4.o)

Cross Reference Table

Symbol                                            File
ADC_IRQHandler                                    build/startup_stm32f407xx.o
AHBPrescTable                                     build/system_stm32f4xx.o
                                                  build/stm32f4xx_hal_rcc.o
                                                  build/stm32f4xx_ll_utils.o
                                                  build/stm32f4xx_ll_rcc.o
APBPrescTable                                     build/system_stm32f4xx.o
                                                  build/stm32f4xx_hal_rcc.o
                                                  build/stm32f4xx_ll_rcc.o
BusFault_Handler                                  build/stm32f4xx_it.o
CAN1_RX0_IRQHandler                               build/startup_stm32f407xx.o
CAN1_RX1_IRQHandler                               build/startup_stm32f407xx.o
CAN1_SCE_IRQHandler                               build/startup_stm32f407xx.o
CAN1_TX_IRQHandler                                build/startup_stm32f407xx.o
CAN2_RX0_IRQHandler                               build/startup_stm32f407xx.o
CAN2_RX1_IRQHandler                               build/startup_stm32f407xx.o
CAN2_SCE_IRQHandler                               build/startup_stm32f407xx.o
CAN2_TX_IRQHandler                                build/startup_stm32f407xx.o
DCMI_IRQHandler                                   build/startup_stm32f407xx.o
DMA1_Stream0_IRQHandler                           build/startup_stm32f407xx.o
DMA1_Stream1_IRQHandler                           build/stm32f4xx_it.o
DMA1_Stream2_IRQHandler                           build/startup_stm32f407xx.o
DMA1_Stream3_IRQHandler                           build/startup_stm32f407xx.o
DMA1_Stream4_IRQHandler                           build/startup_stm32f407xx.o
DMA1_Stream5_IRQHandler                           build/startup_stm32f407xx.o
DMA1_Stream6_IRQHandler                           build/startup_stm32f407xx.o
DMA1_Stream7_IRQHandler                           build/startup_stm32f407xx.o
DMA2_Stream0_IRQHandler                           build/startup_stm32f407xx.o
DMA2_Stream1_IRQHandler                           build/startup_stm32f407xx.o
DMA2_Stream2_IRQHandler                           build/startup_stm32f407xx.o
DMA2_Stream3_IRQHandler                           build/startup_stm32f407xx.o
DMA2_Stream4_IRQHandler                           build/startup_stm32f407xx.o
DMA2_Stream5_IRQHandler                           build/startup_stm32f407xx.o
DMA2_Stream6_IRQHandler                           build/startup_stm32f407xx.o
DMA2_Stream7_IRQHandler                           build/startup_stm32f407xx.o
DebugMon_Handler                                  build/stm32f4xx_it.o
Default_Handler                                   build/startup_stm32f407xx.o
ETH_IRQHandler                                    build/startup_stm32f407xx.o
ETH_WKUP_IRQHandler                               build/startup_stm32f407xx.o
EXTI0_IRQHandler                                  build/startup_stm32f407xx.o
EXTI15_10_IRQHandler                              build/startup_stm32f407xx.o
EXTI1_IRQHandler                                  build/startup_stm32f407xx.o
EXTI2_IRQHandler                                  build/startup_stm32f407xx.o
EXTI3_IRQHandler                                  build/startup_stm32f407xx.o
EXTI4_IRQHandler                                  build/startup_stm32f407xx.o
EXTI9_5_IRQHandler                                build/startup_stm32f407xx.o
Error_Handler                                     build/main.o
FLASH_Erase_Sector                                build/stm32f4xx_hal_flash_ex.o
                                                  build/stm32f4xx_hal_flash.o
FLASH_FlushCaches                                 build/stm32f4xx_hal_flash_ex.o
                                                  build/stm32f4xx_hal_flash.o
FLASH_IRQHandler                                  build/startup_stm32f407xx.o
FLASH_WaitForLastOperation                        build/stm32f4xx_hal_flash.o
                                                  build/stm32f4xx_hal_flash_ex.o
FPU_IRQHandler                                    build/startup_stm32f407xx.o
FSMC_IRQHandler                                   build/startup_stm32f407xx.o
HAL_DBGMCU_DisableDBGSleepMode                    build/stm32f4xx_hal.o
HAL_DBGMCU_DisableDBGStandbyMode                  build/stm32f4xx_hal.o
HAL_DBGMCU_DisableDBGStopMode                     build/stm32f4xx_hal.o
HAL_DBGMCU_EnableDBGSleepMode                     build/stm32f4xx_hal.o
HAL_DBGMCU_EnableDBGStandbyMode                   build/stm32f4xx_hal.o
HAL_DBGMCU_EnableDBGStopMode                      build/stm32f4xx_hal.o
HAL_DMAEx_ChangeMemory                            build/stm32f4xx_hal_dma_ex.o
HAL_DMAEx_MultiBufferStart                        build/stm32f4xx_hal_dma_ex.o
HAL_DMAEx_MultiBufferStart_IT                     build/stm32f4xx_hal_dma_ex.o
HAL_DMA_Abort                                     build/stm32f4xx_hal_dma.o
HAL_DMA_Abort_IT                                  build/stm32f4xx_hal_dma.o
HAL_DMA_DeInit                                    build/stm32f4xx_hal_dma.o
HAL_DMA_GetError                                  build/stm32f4xx_hal_dma.o
HAL_DMA_GetState                                  build/stm32f4xx_hal_dma.o
HAL_DMA_IRQHandler                                build/stm32f4xx_hal_dma.o
HAL_DMA_Init                                      build/stm32f4xx_hal_dma.o
HAL_DMA_PollForTransfer                           build/stm32f4xx_hal_dma.o
HAL_DMA_RegisterCallback                          build/stm32f4xx_hal_dma.o
HAL_DMA_Start                                     build/stm32f4xx_hal_dma.o
HAL_DMA_Start_IT                                  build/stm32f4xx_hal_dma.o
HAL_DMA_UnRegisterCallback                        build/stm32f4xx_hal_dma.o
HAL_DeInit                                        build/stm32f4xx_hal.o
HAL_Delay                                         build/stm32f4xx_hal.o
HAL_DisableCompensationCell                       build/stm32f4xx_hal.o
HAL_EXTI_ClearConfigLine                          build/stm32f4xx_hal_exti.o
HAL_EXTI_ClearPending                             build/stm32f4xx_hal_exti.o
HAL_EXTI_GenerateSWI                              build/stm32f4xx_hal_exti.o
HAL_EXTI_GetConfigLine                            build/stm32f4xx_hal_exti.o
HAL_EXTI_GetHandle                                build/stm32f4xx_hal_exti.o
HAL_EXTI_GetPending                               build/stm32f4xx_hal_exti.o
HAL_EXTI_IRQHandler                               build/stm32f4xx_hal_exti.o
HAL_EXTI_RegisterCallback                         build/stm32f4xx_hal_exti.o
HAL_EXTI_SetConfigLine                            build/stm32f4xx_hal_exti.o
HAL_EnableCompensationCell                        build/stm32f4xx_hal.o
HAL_FLASHEx_Erase                                 build/stm32f4xx_hal_flash_ex.o
HAL_FLASHEx_Erase_IT                              build/stm32f4xx_hal_flash_ex.o
HAL_FLASHEx_OBGetConfig                           build/stm32f4xx_hal_flash_ex.o
HAL_FLASHEx_OBProgram                             build/stm32f4xx_hal_flash_ex.o
HAL_FLASH_EndOfOperationCallback                  build/stm32f4xx_hal_flash.o
HAL_FLASH_GetError                                build/stm32f4xx_hal_flash.o
HAL_FLASH_IRQHandler                              build/stm32f4xx_hal_flash.o
HAL_FLASH_Lock                                    build/stm32f4xx_hal_flash.o
HAL_FLASH_OB_Launch                               build/stm32f4xx_hal_flash.o
HAL_FLASH_OB_Lock                                 build/stm32f4xx_hal_flash.o
HAL_FLASH_OB_Unlock                               build/stm32f4xx_hal_flash.o
HAL_FLASH_OperationErrorCallback                  build/stm32f4xx_hal_flash.o
HAL_FLASH_Program                                 build/stm32f4xx_hal_flash.o
HAL_FLASH_Program_IT                              build/stm32f4xx_hal_flash.o
HAL_FLASH_Unlock                                  build/stm32f4xx_hal_flash.o
HAL_GPIO_DeInit                                   build/stm32f4xx_hal_gpio.o
HAL_GPIO_EXTI_Callback                            build/stm32f4xx_hal_gpio.o
HAL_GPIO_EXTI_IRQHandler                          build/stm32f4xx_hal_gpio.o
HAL_GPIO_Init                                     build/stm32f4xx_hal_gpio.o
                                                  build/stm32f4xx_hal_rcc.o
HAL_GPIO_LockPin                                  build/stm32f4xx_hal_gpio.o
HAL_GPIO_ReadPin                                  build/stm32f4xx_hal_gpio.o
HAL_GPIO_TogglePin                                build/stm32f4xx_hal_gpio.o
HAL_GPIO_WritePin                                 build/stm32f4xx_hal_gpio.o
HAL_GetDEVID                                      build/stm32f4xx_hal.o
HAL_GetHalVersion                                 build/stm32f4xx_hal.o
HAL_GetREVID                                      build/stm32f4xx_hal.o
HAL_GetTick                                       build/stm32f4xx_hal.o
                                                  build/stm32f4xx_hal_pwr_ex.o
                                                  build/stm32f4xx_hal_dma.o
                                                  build/stm32f4xx_hal_flash.o
                                                  build/stm32f4xx_hal_rcc_ex.o
                                                  build/stm32f4xx_hal_rcc.o
HAL_GetTickFreq                                   build/stm32f4xx_hal.o
HAL_GetTickPrio                                   build/stm32f4xx_hal.o
HAL_GetUIDw0                                      build/stm32f4xx_hal.o
HAL_GetUIDw1                                      build/stm32f4xx_hal.o
HAL_GetUIDw2                                      build/stm32f4xx_hal.o
HAL_IncTick                                       build/stm32f4xx_hal.o
                                                  build/stm32f4xx_it.o
HAL_Init                                          build/stm32f4xx_hal.o
                                                  build/main.o
HAL_InitTick                                      build/stm32f4xx_hal.o
                                                  build/stm32f4xx_hal_rcc_ex.o
                                                  build/stm32f4xx_hal_rcc.o
                                                  build/main.o
HAL_MPU_ConfigRegion                              build/stm32f4xx_hal_cortex.o
HAL_MPU_Disable                                   build/stm32f4xx_hal_cortex.o
HAL_MPU_Enable                                    build/stm32f4xx_hal_cortex.o
HAL_MspDeInit                                     build/stm32f4xx_hal.o
HAL_MspInit                                       build/stm32f4xx_hal_msp.o
HAL_NVIC_ClearPendingIRQ                          build/stm32f4xx_hal_cortex.o
HAL_NVIC_DisableIRQ                               build/stm32f4xx_hal_cortex.o
HAL_NVIC_EnableIRQ                                build/stm32f4xx_hal_cortex.o
HAL_NVIC_GetActive                                build/stm32f4xx_hal_cortex.o
HAL_NVIC_GetPendingIRQ                            build/stm32f4xx_hal_cortex.o
HAL_NVIC_GetPriority                              build/stm32f4xx_hal_cortex.o
HAL_NVIC_GetPriorityGrouping                      build/stm32f4xx_hal_cortex.o
HAL_NVIC_SetPendingIRQ                            build/stm32f4xx_hal_cortex.o
HAL_NVIC_SetPriority                              build/stm32f4xx_hal_cortex.o
                                                  build/stm32f4xx_hal.o
HAL_NVIC_SetPriorityGrouping                      build/stm32f4xx_hal_cortex.o
                                                  build/stm32f4xx_hal.o
HAL_NVIC_SystemReset                              build/stm32f4xx_hal_cortex.o
HAL_PWREx_ControlVoltageScaling                   build/stm32f4xx_hal_pwr_ex.o
HAL_PWREx_DisableBkUpReg                          build/stm32f4xx_hal_pwr_ex.o
HAL_PWREx_DisableFlashPowerDown                   build/stm32f4xx_hal_pwr_ex.o
HAL_PWREx_EnableBkUpReg                           build/stm32f4xx_hal_pwr_ex.o
HAL_PWREx_EnableFlashPowerDown                    build/stm32f4xx_hal_pwr_ex.o
HAL_PWREx_GetVoltageRange                         build/stm32f4xx_hal_pwr_ex.o
HAL_PWR_ConfigPVD                                 build/stm32f4xx_hal_pwr.o
HAL_PWR_DeInit                                    build/stm32f4xx_hal_pwr.o
HAL_PWR_DisableBkUpAccess                         build/stm32f4xx_hal_pwr.o
HAL_PWR_DisablePVD                                build/stm32f4xx_hal_pwr.o
HAL_PWR_DisableSEVOnPend                          build/stm32f4xx_hal_pwr.o
HAL_PWR_DisableSleepOnExit                        build/stm32f4xx_hal_pwr.o
HAL_PWR_DisableWakeUpPin                          build/stm32f4xx_hal_pwr.o
HAL_PWR_EnableBkUpAccess                          build/stm32f4xx_hal_pwr.o
HAL_PWR_EnablePVD                                 build/stm32f4xx_hal_pwr.o
HAL_PWR_EnableSEVOnPend                           build/stm32f4xx_hal_pwr.o
HAL_PWR_EnableSleepOnExit                         build/stm32f4xx_hal_pwr.o
HAL_PWR_EnableWakeUpPin                           build/stm32f4xx_hal_pwr.o
HAL_PWR_EnterSLEEPMode                            build/stm32f4xx_hal_pwr.o
HAL_PWR_EnterSTANDBYMode                          build/stm32f4xx_hal_pwr.o
HAL_PWR_EnterSTOPMode                             build/stm32f4xx_hal_pwr.o
HAL_PWR_PVDCallback                               build/stm32f4xx_hal_pwr.o
HAL_PWR_PVD_IRQHandler                            build/stm32f4xx_hal_pwr.o
HAL_RCCEx_DisablePLLI2S                           build/stm32f4xx_hal_rcc_ex.o
HAL_RCCEx_EnablePLLI2S                            build/stm32f4xx_hal_rcc_ex.o
HAL_RCCEx_GetPeriphCLKConfig                      build/stm32f4xx_hal_rcc_ex.o
HAL_RCCEx_GetPeriphCLKFreq                        build/stm32f4xx_hal_rcc_ex.o
HAL_RCCEx_PeriphCLKConfig                         build/stm32f4xx_hal_rcc_ex.o
HAL_RCC_CSSCallback                               build/stm32f4xx_hal_rcc.o
HAL_RCC_ClockConfig                               build/stm32f4xx_hal_rcc.o
HAL_RCC_DeInit                                    build/stm32f4xx_hal_rcc_ex.o
                                                  build/stm32f4xx_hal_rcc.o
HAL_RCC_DisableCSS                                build/stm32f4xx_hal_rcc.o
HAL_RCC_EnableCSS                                 build/stm32f4xx_hal_rcc.o
HAL_RCC_GetClockConfig                            build/stm32f4xx_hal_rcc.o
HAL_RCC_GetHCLKFreq                               build/stm32f4xx_hal_rcc.o
HAL_RCC_GetOscConfig                              build/stm32f4xx_hal_rcc.o
HAL_RCC_GetPCLK1Freq                              build/stm32f4xx_hal_rcc.o
HAL_RCC_GetPCLK2Freq                              build/stm32f4xx_hal_rcc.o
HAL_RCC_GetSysClockFreq                           build/stm32f4xx_hal_rcc.o
HAL_RCC_MCOConfig                                 build/stm32f4xx_hal_rcc.o
HAL_RCC_NMI_IRQHandler                            build/stm32f4xx_hal_rcc.o
HAL_RCC_OscConfig                                 build/stm32f4xx_hal_rcc.o
HAL_ResumeTick                                    build/stm32f4xx_hal.o
HAL_SYSTICK_CLKSourceConfig                       build/stm32f4xx_hal_cortex.o
HAL_SYSTICK_Callback                              build/stm32f4xx_hal_cortex.o
HAL_SYSTICK_Config                                build/stm32f4xx_hal_cortex.o
                                                  build/stm32f4xx_hal.o
HAL_SYSTICK_IRQHandler                            build/stm32f4xx_hal_cortex.o
HAL_SetTickFreq                                   build/stm32f4xx_hal.o
HAL_SuspendTick                                   build/stm32f4xx_hal.o
HASH_RNG_IRQHandler                               build/startup_stm32f407xx.o
HardFault_Handler                                 build/stm32f4xx_it.o
I2C1_ER_IRQHandler                                build/startup_stm32f407xx.o
I2C1_EV_IRQHandler                                build/startup_stm32f407xx.o
I2C2_ER_IRQHandler                                build/startup_stm32f407xx.o
I2C2_EV_IRQHandler                                build/startup_stm32f407xx.o
I2C3_ER_IRQHandler                                build/startup_stm32f407xx.o
I2C3_EV_IRQHandler                                build/startup_stm32f407xx.o
LL_DMA_DeInit                                     build/stm32f4xx_ll_dma.o
LL_DMA_Init                                       build/stm32f4xx_ll_dma.o
LL_DMA_StructInit                                 build/stm32f4xx_ll_dma.o
LL_EXTI_DeInit                                    build/stm32f4xx_ll_exti.o
LL_EXTI_Init                                      build/stm32f4xx_ll_exti.o
LL_EXTI_StructInit                                build/stm32f4xx_ll_exti.o
LL_GPIO_DeInit                                    build/stm32f4xx_ll_gpio.o
LL_GPIO_Init                                      build/stm32f4xx_ll_gpio.o
                                                  build/main.o
LL_GPIO_StructInit                                build/stm32f4xx_ll_gpio.o
LL_Init1msTick                                    build/stm32f4xx_ll_utils.o
LL_PLL_ConfigSystemClock_HSE                      build/stm32f4xx_ll_utils.o
LL_PLL_ConfigSystemClock_HSI                      build/stm32f4xx_ll_utils.o
LL_RCC_DeInit                                     build/stm32f4xx_ll_rcc.o
LL_RCC_GetI2SClockFreq                            build/stm32f4xx_ll_rcc.o
LL_RCC_GetRNGClockFreq                            build/stm32f4xx_ll_rcc.o
LL_RCC_GetSDIOClockFreq                           build/stm32f4xx_ll_rcc.o
LL_RCC_GetSystemClocksFreq                        build/stm32f4xx_ll_rcc.o
                                                  build/stm32f4xx_ll_usart.o
LL_RCC_GetUSBClockFreq                            build/stm32f4xx_ll_rcc.o
LL_SetSystemCoreClock                             build/stm32f4xx_ll_utils.o
                                                  build/main.o
LL_USART_ClockInit                                build/stm32f4xx_ll_usart.o
LL_USART_ClockStructInit                          build/stm32f4xx_ll_usart.o
LL_USART_DeInit                                   build/stm32f4xx_ll_usart.o
LL_USART_Init                                     build/stm32f4xx_ll_usart.o
                                                  build/main.o
LL_USART_StructInit                               build/stm32f4xx_ll_usart.o
LL_mDelay                                         build/stm32f4xx_ll_utils.o
MemManage_Handler                                 build/stm32f4xx_it.o
NMI_Handler                                       build/stm32f4xx_it.o
OTG_FS_IRQHandler                                 build/startup_stm32f407xx.o
OTG_FS_WKUP_IRQHandler                            build/startup_stm32f407xx.o
OTG_HS_EP1_IN_IRQHandler                          build/startup_stm32f407xx.o
OTG_HS_EP1_OUT_IRQHandler                         build/startup_stm32f407xx.o
OTG_HS_IRQHandler                                 build/startup_stm32f407xx.o
OTG_HS_WKUP_IRQHandler                            build/startup_stm32f407xx.o
PVD_IRQHandler                                    build/startup_stm32f407xx.o
PendSV_Handler                                    build/stm32f4xx_it.o
RCC_GetHCLKClockFreq                              build/stm32f4xx_ll_rcc.o
RCC_GetPCLK1ClockFreq                             build/stm32f4xx_ll_rcc.o
RCC_GetPCLK2ClockFreq                             build/stm32f4xx_ll_rcc.o
RCC_GetSystemClockFreq                            build/stm32f4xx_ll_rcc.o
RCC_IRQHandler                                    build/startup_stm32f407xx.o
RCC_PLLI2S_GetFreqDomain_I2S                      build/stm32f4xx_ll_rcc.o
RCC_PLL_GetFreqDomain_48M                         build/stm32f4xx_ll_rcc.o
RCC_PLL_GetFreqDomain_SYS                         build/stm32f4xx_ll_rcc.o
RTC_Alarm_IRQHandler                              build/startup_stm32f407xx.o
RTC_WKUP_IRQHandler                               build/startup_stm32f407xx.o
Reset_Handler                                     build/startup_stm32f407xx.o
SDIO_IRQHandler                                   build/startup_stm32f407xx.o
SPI1_IRQHandler                                   build/startup_stm32f407xx.o
SPI2_IRQHandler                                   build/startup_stm32f407xx.o
SPI3_IRQHandler                                   build/startup_stm32f407xx.o
SVC_Handler                                       build/stm32f4xx_it.o
SysTick_Handler                                   build/stm32f4xx_it.o
SystemClock_Config                                build/main.o
SystemCoreClock                                   build/system_stm32f4xx.o
                                                  build/stm32f4xx_hal.o
                                                  build/stm32f4xx_hal_dma.o
                                                  build/stm32f4xx_hal_rcc_ex.o
                                                  build/stm32f4xx_hal_rcc.o
                                                  build/stm32f4xx_ll_utils.o
SystemCoreClockUpdate                             build/system_stm32f4xx.o
SystemInit                                        build/system_stm32f4xx.o
                                                  build/startup_stm32f407xx.o
TAMP_STAMP_IRQHandler                             build/startup_stm32f407xx.o
TIM1_BRK_TIM9_IRQHandler                          build/startup_stm32f407xx.o
TIM1_CC_IRQHandler                                build/startup_stm32f407xx.o
TIM1_TRG_COM_TIM11_IRQHandler                     build/startup_stm32f407xx.o
TIM1_UP_TIM10_IRQHandler                          build/startup_stm32f407xx.o
TIM2_IRQHandler                                   build/startup_stm32f407xx.o
TIM3_IRQHandler                                   build/startup_stm32f407xx.o
TIM4_IRQHandler                                   build/startup_stm32f407xx.o
TIM5_IRQHandler                                   build/startup_stm32f407xx.o
TIM6_DAC_IRQHandler                               build/startup_stm32f407xx.o
TIM7_IRQHandler                                   build/startup_stm32f407xx.o
TIM8_BRK_TIM12_IRQHandler                         build/startup_stm32f407xx.o
TIM8_CC_IRQHandler                                build/startup_stm32f407xx.o
TIM8_TRG_COM_TIM14_IRQHandler                     build/startup_stm32f407xx.o
TIM8_UP_TIM13_IRQHandler                          build/startup_stm32f407xx.o
UART4_IRQHandler                                  build/startup_stm32f407xx.o
UART5_IRQHandler                                  build/startup_stm32f407xx.o
USART1DMAConfig                                   build/main.o
USART1_IRQHandler                                 build/startup_stm32f407xx.o
USART2_IRQHandler                                 build/startup_stm32f407xx.o
USART3_IRQHandler                                 build/stm32f4xx_it.o
USART6_IRQHandler                                 build/startup_stm32f407xx.o
UsageFault_Handler                                build/stm32f4xx_it.o
WWDG_IRQHandler                                   build/startup_stm32f407xx.o
__aeabi_idiv0                                     e:/9 2020-q2-update/bin/../lib/gcc/arm-none-eabi/9.3.1/thumb/v7e-m+fp/hard\libgcc.a(_dvmd_tls.o)
__aeabi_ldiv0                                     e:/9 2020-q2-update/bin/../lib/gcc/arm-none-eabi/9.3.1/thumb/v7e-m+fp/hard\libgcc.a(_dvmd_tls.o)
                                                  e:/9 2020-q2-update/bin/../lib/gcc/arm-none-eabi/9.3.1/thumb/v7e-m+fp/hard\libgcc.a(_aeabi_uldivmod.o)
__aeabi_uldivmod                                  e:/9 2020-q2-update/bin/../lib/gcc/arm-none-eabi/9.3.1/thumb/v7e-m+fp/hard\libgcc.a(_aeabi_uldivmod.o)
                                                  build/stm32f4xx_ll_usart.o
                                                  build/stm32f4xx_hal_rcc.o
__bss_end__                                       e:/9 2020-q2-update/bin/../lib/gcc/arm-none-eabi/9.3.1/../../../../arm-none-eabi/lib/thumb/v7e-m+fp/hard/crt0.o
__bss_start__                                     e:/9 2020-q2-update/bin/../lib/gcc/arm-none-eabi/9.3.1/../../../../arm-none-eabi/lib/thumb/v7e-m+fp/hard/crt0.o
__call_exitprocs                                  e:/9 2020-q2-update/bin/../lib/gcc/arm-none-eabi/9.3.1/../../../../arm-none-eabi/lib/thumb/v7e-m+fp/hard\libc_nano.a(lib_a-exit.o)
__deregister_frame_info                           e:/9 2020-q2-update/bin/../lib/gcc/arm-none-eabi/9.3.1/thumb/v7e-m+fp/hard/crtbegin.o
__dso_handle                                      e:/9 2020-q2-update/bin/../lib/gcc/arm-none-eabi/9.3.1/thumb/v7e-m+fp/hard/crtbegin.o
__init_array_end                                  e:/9 2020-q2-update/bin/../lib/gcc/arm-none-eabi/9.3.1/../../../../arm-none-eabi/lib/thumb/v7e-m+fp/hard\libc_nano.a(lib_a-init.o)
__init_array_start                                e:/9 2020-q2-update/bin/../lib/gcc/arm-none-eabi/9.3.1/../../../../arm-none-eabi/lib/thumb/v7e-m+fp/hard\libc_nano.a(lib_a-init.o)
__libc_fini_array                                 e:/9 2020-q2-update/bin/../lib/gcc/arm-none-eabi/9.3.1/../../../../arm-none-eabi/lib/thumb/v7e-m+fp/hard/crt0.o
__libc_init_array                                 e:/9 2020-q2-update/bin/../lib/gcc/arm-none-eabi/9.3.1/../../../../arm-none-eabi/lib/thumb/v7e-m+fp/hard\libc_nano.a(lib_a-init.o)
                                                  build/startup_stm32f407xx.o
                                                  e:/9 2020-q2-update/bin/../lib/gcc/arm-none-eabi/9.3.1/../../../../arm-none-eabi/lib/thumb/v7e-m+fp/hard/crt0.o
__preinit_array_end                               e:/9 2020-q2-update/bin/../lib/gcc/arm-none-eabi/9.3.1/../../../../arm-none-eabi/lib/thumb/v7e-m+fp/hard\libc_nano.a(lib_a-init.o)
__preinit_array_start                             e:/9 2020-q2-update/bin/../lib/gcc/arm-none-eabi/9.3.1/../../../../arm-none-eabi/lib/thumb/v7e-m+fp/hard\libc_nano.a(lib_a-init.o)
__register_frame_info                             e:/9 2020-q2-update/bin/../lib/gcc/arm-none-eabi/9.3.1/thumb/v7e-m+fp/hard/crtbegin.o
__sf_fake_stderr                                  e:/9 2020-q2-update/bin/../lib/gcc/arm-none-eabi/9.3.1/../../../../arm-none-eabi/lib/thumb/v7e-m+fp/hard\libc_nano.a(lib_a-impure.o)
__sf_fake_stdin                                   e:/9 2020-q2-update/bin/../lib/gcc/arm-none-eabi/9.3.1/../../../../arm-none-eabi/lib/thumb/v7e-m+fp/hard\libc_nano.a(lib_a-impure.o)
__sf_fake_stdout                                  e:/9 2020-q2-update/bin/../lib/gcc/arm-none-eabi/9.3.1/../../../../arm-none-eabi/lib/thumb/v7e-m+fp/hard\libc_nano.a(lib_a-impure.o)
__stack                                           e:/9 2020-q2-update/bin/../lib/gcc/arm-none-eabi/9.3.1/../../../../arm-none-eabi/lib/thumb/v7e-m+fp/hard/crt0.o
__udivmoddi4                                      e:/9 2020-q2-update/bin/../lib/gcc/arm-none-eabi/9.3.1/thumb/v7e-m+fp/hard\libgcc.a(_udivmoddi4.o)
                                                  e:/9 2020-q2-update/bin/../lib/gcc/arm-none-eabi/9.3.1/thumb/v7e-m+fp/hard\libgcc.a(_aeabi_uldivmod.o)
_ebss                                             build/startup_stm32f407xx.o
_edata                                            build/startup_stm32f407xx.o
_estack                                           build/startup_stm32f407xx.o
_exit                                             e:/9 2020-q2-update/bin/../lib/gcc/arm-none-eabi/9.3.1/../../../../arm-none-eabi/lib/thumb/v7e-m+fp/hard\libnosys.a(_exit.o)
                                                  e:/9 2020-q2-update/bin/../lib/gcc/arm-none-eabi/9.3.1/../../../../arm-none-eabi/lib/thumb/v7e-m+fp/hard\libc_nano.a(lib_a-exit.o)
_fini                                             e:/9 2020-q2-update/bin/../lib/gcc/arm-none-eabi/9.3.1/thumb/v7e-m+fp/hard/crti.o
_global_impure_ptr                                e:/9 2020-q2-update/bin/../lib/gcc/arm-none-eabi/9.3.1/../../../../arm-none-eabi/lib/thumb/v7e-m+fp/hard\libc_nano.a(lib_a-impure.o)
                                                  e:/9 2020-q2-update/bin/../lib/gcc/arm-none-eabi/9.3.1/../../../../arm-none-eabi/lib/thumb/v7e-m+fp/hard\libc_nano.a(lib_a-exit.o)
_impure_ptr                                       e:/9 2020-q2-update/bin/../lib/gcc/arm-none-eabi/9.3.1/../../../../arm-none-eabi/lib/thumb/v7e-m+fp/hard\libc_nano.a(lib_a-impure.o)
_init                                             e:/9 2020-q2-update/bin/../lib/gcc/arm-none-eabi/9.3.1/thumb/v7e-m+fp/hard/crti.o
                                                  e:/9 2020-q2-update/bin/../lib/gcc/arm-none-eabi/9.3.1/../../../../arm-none-eabi/lib/thumb/v7e-m+fp/hard\libc_nano.a(lib_a-init.o)
_mainCRTStartup                                   e:/9 2020-q2-update/bin/../lib/gcc/arm-none-eabi/9.3.1/../../../../arm-none-eabi/lib/thumb/v7e-m+fp/hard/crt0.o
_sbss                                             build/startup_stm32f407xx.o
_sdata                                            build/startup_stm32f407xx.o
_sidata                                           build/startup_stm32f407xx.o
_stack_init                                       e:/9 2020-q2-update/bin/../lib/gcc/arm-none-eabi/9.3.1/../../../../arm-none-eabi/lib/thumb/v7e-m+fp/hard/crt0.o
_start                                            e:/9 2020-q2-update/bin/../lib/gcc/arm-none-eabi/9.3.1/../../../../arm-none-eabi/lib/thumb/v7e-m+fp/hard/crt0.o
atexit                                            e:/9 2020-q2-update/bin/../lib/gcc/arm-none-eabi/9.3.1/../../../../arm-none-eabi/lib/thumb/v7e-m+fp/hard/crt0.o
exit                                              e:/9 2020-q2-update/bin/../lib/gcc/arm-none-eabi/9.3.1/../../../../arm-none-eabi/lib/thumb/v7e-m+fp/hard\libc_nano.a(lib_a-exit.o)
                                                  e:/9 2020-q2-update/bin/../lib/gcc/arm-none-eabi/9.3.1/../../../../arm-none-eabi/lib/thumb/v7e-m+fp/hard/crt0.o
g_pfnVectors                                      build/startup_stm32f407xx.o
hardware_init_hook                                e:/9 2020-q2-update/bin/../lib/gcc/arm-none-eabi/9.3.1/../../../../arm-none-eabi/lib/thumb/v7e-m+fp/hard/crt0.o
main                                              build/main.o
                                                  build/startup_stm32f407xx.o
                                                  e:/9 2020-q2-update/bin/../lib/gcc/arm-none-eabi/9.3.1/../../../../arm-none-eabi/lib/thumb/v7e-m+fp/hard/crt0.o
memset                                            e:/9 2020-q2-update/bin/../lib/gcc/arm-none-eabi/9.3.1/../../../../arm-none-eabi/lib/thumb/v7e-m+fp/hard\libc_nano.a(lib_a-memset.o)
                                                  e:/9 2020-q2-update/bin/../lib/gcc/arm-none-eabi/9.3.1/../../../../arm-none-eabi/lib/thumb/v7e-m+fp/hard/crt0.o
pFlash                                            build/stm32f4xx_hal_flash.o
                                                  build/stm32f4xx_hal_flash_ex.o
software_init_hook                                e:/9 2020-q2-update/bin/../lib/gcc/arm-none-eabi/9.3.1/../../../../arm-none-eabi/lib/thumb/v7e-m+fp/hard/crt0.o
usart1DMABuf                                      build/main.o
uwTick                                            build/stm32f4xx_hal.o
uwTickFreq                                        build/stm32f4xx_hal.o
uwTickPrio                                        build/stm32f4xx_hal.o
                                                  build/stm32f4xx_hal_rcc_ex.o
                                                  build/stm32f4xx_hal_rcc.o
